#-----------------------------------------------------------
# Vivado v2020.2 (64-bit)
# SW Build 3064766 on Wed Nov 18 09:12:45 MST 2020
# IP Build 3064653 on Wed Nov 18 14:17:31 MST 2020
# Start of session at: Sun Feb 15 17:23:26 2026
# Process ID: 23356
# Current directory: C:/Users/hayab/CPU_EXPERIMENT/CPU_CORE_SINGLE_PIPELINE_cashe/project_1
# Command line: vivado.exe -gui_launcher_event rodinguilauncherevent424 C:\Users\hayab\CPU_EXPERIMENT\CPU_CORE_SINGLE_PIPELINE_cashe\project_1\project_1.xpr
# Log file: C:/Users/hayab/CPU_EXPERIMENT/CPU_CORE_SINGLE_PIPELINE_cashe/project_1/vivado.log
# Journal file: C:/Users/hayab/CPU_EXPERIMENT/CPU_CORE_SINGLE_PIPELINE_cashe/project_1\vivado.jou
#-----------------------------------------------------------
start_gui
open_project C:/Users/hayab/CPU_EXPERIMENT/CPU_CORE_SINGLE_PIPELINE_cashe/project_1/project_1.xpr
update_compile_order -fileset sources_1
launch_simulation
source top.tcl
run 1 ms
relaunch_sim
run 10 ms
add_files -norecurse C:/Users/hayab/CPU_EXPERIMENT/CPU_CORE_SINGLE_PIPELINE_cashe/tb_top.sv
update_compile_order -fileset sources_1
# Disabling source management mode.  This is to allow the top design properties to be set without GUI intervention.
set_property source_mgmt_mode None [current_project]
set_property top tb_top [current_fileset]
# Re-enabling previously disabled source management mode.
set_property source_mgmt_mode All [current_project]
update_compile_order -fileset sources_1
launch_simulation
reset_simulation -simset sim_1 -mode behavioral
launch_simulation
reset_run synth_1
launch_simulation
launch_simulation
relaunch_sim
